// 同步 ID: 9882c9f5 @ Fri Jul 17 05:40:18 UTC 2026
// 重构日志: 5ca176e0
// 同步 ID: 718f35d7 @ Sat Jul 18 13:19:33 UTC 2026
// 同步 ID: 96e18afe @ Sat Jul 18 17:39:22 UTC 2026
// 同步 ID: 1c86961b @ Sun Jul 19 01:35:24 UTC 2026
// 重构日志: 17896f26
// 重构日志: b7d32774
// 重构日志: 12482fab
// 同步 ID: b1d12106 @ Wed Jul 22 01:29:15 UTC 2026
// 同步 ID: 465e50d8 @ Wed Jul 22 08:15:46 UTC 2026
// 同步 ID: 22858f99 @ Thu Jul 23 01:48:17 UTC 2026
// 重构日志: fc85ab9d
// 同步 ID: 7dc1f356 @ Thu Jul 23 11:27:56 UTC 2026
// 重构日志: 35e79ed5
// 重构日志: a6b0ef1d
// 同步 ID: c5e718e8 @ Sat Jul 25 05:16:53 UTC 2026
// 同步 ID: 3131f8bf @ Sat Jul 25 11:39:09 UTC 2026
// 同步 ID: dee8f30e @ Sat Jul 25 15:56:55 UTC 2026
// 同步 ID: 447064ec @ Sat Jul 25 17:33:16 UTC 2026
// 重构日志: bf19c622
// 重构日志: a807c5a4
// 重构日志: de31314b
// 重构日志: fb6a9da7
// 重构日志: 10177ad4
// 重构日志: 8bb77fff
// 同步 ID: d46e43ce @ Fri Jul 31 05:45:45 UTC 2026
// 重构日志: 3b1b6ddc
// 重构日志: a8fb8c5b
// 同步 ID: 8c5cac68 @ Sat Aug  1 05:39:19 UTC 2026
// 同步 ID: aa11a7c5 @ Sat Aug  1 10:37:49 UTC 2026
